// Jest Snapshot v1, https://goo.gl/fbAQLP

exports[`Footer renders correctly 1`] = `
<div
  className="css-ukvlsd-Footer"
>
  Copyright 2019 Nitro2
</div>
`;
